/home/yunus/PycharmProjects/ARU-Net-image-preprocessing/data_labelled_jpg/K.2241.jpg
/home/yunus/PycharmProjects/ARU-Net-image-preprocessing/data_labelled_jpg/K.1156.jpg
/home/yunus/PycharmProjects/ARU-Net-image-preprocessing/data_labelled_jpg/K.1452.jpg
/home/yunus/PycharmProjects/ARU-Net-image-preprocessing/data_labelled_jpg/K.2330.jpg
/home/yunus/PycharmProjects/ARU-Net-image-preprocessing/data_labelled_jpg/K.9022.jpg
/home/yunus/PycharmProjects/ARU-Net-image-preprocessing/data_labelled_jpg/K.1289.jpg
/home/yunus/PycharmProjects/ARU-Net-image-preprocessing/data_labelled_jpg/K.6928.jpg
/home/yunus/PycharmProjects/ARU-Net-image-preprocessing/data_labelled_jpg/1880,0719.281.jpg
/home/yunus/PycharmProjects/ARU-Net-image-preprocessing/data_labelled_jpg/K.2558.jpg
/home/yunus/PycharmProjects/ARU-Net-image-preprocessing/data_labelled_jpg/Rm.112.jpg
/home/yunus/PycharmProjects/ARU-Net-image-preprocessing/data_labelled_jpg/K.2340.jpg
/home/yunus/PycharmProjects/ARU-Net-image-preprocessing/data_labelled_jpg/K.9865.jpg
/home/yunus/PycharmProjects/ARU-Net-image-preprocessing/data_labelled_jpg/Sm.1010.jpg
/home/yunus/PycharmProjects/ARU-Net-image-preprocessing/data_labelled_jpg/BM.32468.jpg
/home/yunus/PycharmProjects/ARU-Net-image-preprocessing/data_labelled_jpg/Rm.242.jpg
/home/yunus/PycharmProjects/ARU-Net-image-preprocessing/data_labelled_jpg/K.7595.jpg
/home/yunus/PycharmProjects/ARU-Net-image-preprocessing/data_labelled_jpg/Rm.107.jpg
/home/yunus/PycharmProjects/ARU-Net-image-preprocessing/data_labelled_jpg/Sm.2034.jpg
/home/yunus/PycharmProjects/ARU-Net-image-preprocessing/data_labelled_jpg/BM.32462.jpg
/home/yunus/PycharmProjects/ARU-Net-image-preprocessing/data_labelled_jpg/K.2025.jpg
/home/yunus/PycharmProjects/ARU-Net-image-preprocessing/data_labelled_jpg/K.6067.jpg
/home/yunus/PycharmProjects/ARU-Net-image-preprocessing/data_labelled_jpg/K.8163.jpg
/home/yunus/PycharmProjects/ARU-Net-image-preprocessing/data_labelled_jpg/K.8177.jpg
/home/yunus/PycharmProjects/ARU-Net-image-preprocessing/data_labelled_jpg/K.2286.jpg
/home/yunus/PycharmProjects/ARU-Net-image-preprocessing/data_labelled_jpg/Rm-II.329.jpg
/home/yunus/PycharmProjects/ARU-Net-image-preprocessing/data_labelled_jpg/K.2031.jpg
/home/yunus/PycharmProjects/ARU-Net-image-preprocessing/data_labelled_jpg/K.6949.jpg
/home/yunus/PycharmProjects/ARU-Net-image-preprocessing/data_labelled_jpg/K.3929.jpg
/home/yunus/PycharmProjects/ARU-Net-image-preprocessing/data_labelled_jpg/Sm.1973.jpg
/home/yunus/PycharmProjects/ARU-Net-image-preprocessing/data_labelled_jpg/K.6642.jpg
/home/yunus/PycharmProjects/ARU-Net-image-preprocessing/data_labelled_jpg/K.7201.jpg
/home/yunus/PycharmProjects/ARU-Net-image-preprocessing/data_labelled_jpg/BM.32459.jpg
/home/yunus/PycharmProjects/ARU-Net-image-preprocessing/data_labelled_jpg/K.6080.jpg
/home/yunus/PycharmProjects/ARU-Net-image-preprocessing/data_labelled_jpg/Rm.332.jpg
/home/yunus/PycharmProjects/ARU-Net-image-preprocessing/data_labelled_jpg/K.9216.jpg
/home/yunus/PycharmProjects/ARU-Net-image-preprocessing/data_labelled_jpg/K.4524.jpg
/home/yunus/PycharmProjects/ARU-Net-image-preprocessing/data_labelled_jpg/K.7882.jpg
/home/yunus/PycharmProjects/ARU-Net-image-preprocessing/data_labelled_jpg/K.10222.jpg
/home/yunus/PycharmProjects/ARU-Net-image-preprocessing/data_labelled_jpg/K.9884.jpg
/home/yunus/PycharmProjects/ARU-Net-image-preprocessing/data_labelled_jpg/K.6165.jpg
