/home/yunus/PycharmProjects/ARU-Net-image-preprocessing/data_labelled_jpg/K.2241.png
/home/yunus/PycharmProjects/ARU-Net-image-preprocessing/data_labelled_jpg/K.1156.png
/home/yunus/PycharmProjects/ARU-Net-image-preprocessing/data_labelled_jpg/K.1452.png
/home/yunus/PycharmProjects/ARU-Net-image-preprocessing/data_labelled_jpg/K.2330.png
/home/yunus/PycharmProjects/ARU-Net-image-preprocessing/data_labelled_jpg/K.9022.png
/home/yunus/PycharmProjects/ARU-Net-image-preprocessing/data_labelled_jpg/K.1289.png
/home/yunus/PycharmProjects/ARU-Net-image-preprocessing/data_labelled_jpg/K.6928.png
/home/yunus/PycharmProjects/ARU-Net-image-preprocessing/data_labelled_jpg/1880,0719.281.png
/home/yunus/PycharmProjects/ARU-Net-image-preprocessing/data_labelled_jpg/K.2558.png
/home/yunus/PycharmProjects/ARU-Net-image-preprocessing/data_labelled_jpg/Rm.112.png
/home/yunus/PycharmProjects/ARU-Net-image-preprocessing/data_labelled_jpg/K.2340.png
/home/yunus/PycharmProjects/ARU-Net-image-preprocessing/data_labelled_jpg/K.9865.png
/home/yunus/PycharmProjects/ARU-Net-image-preprocessing/data_labelled_jpg/Sm.1010.png
/home/yunus/PycharmProjects/ARU-Net-image-preprocessing/data_labelled_jpg/BM.32468.png
/home/yunus/PycharmProjects/ARU-Net-image-preprocessing/data_labelled_jpg/Rm.242.png
/home/yunus/PycharmProjects/ARU-Net-image-preprocessing/data_labelled_jpg/K.7595.png
/home/yunus/PycharmProjects/ARU-Net-image-preprocessing/data_labelled_jpg/Rm.107.png
/home/yunus/PycharmProjects/ARU-Net-image-preprocessing/data_labelled_jpg/Sm.2034.png
/home/yunus/PycharmProjects/ARU-Net-image-preprocessing/data_labelled_jpg/K.2025.png
/home/yunus/PycharmProjects/ARU-Net-image-preprocessing/data_labelled_jpg/K.6067.png
/home/yunus/PycharmProjects/ARU-Net-image-preprocessing/data_labelled_jpg/K.8163.png
/home/yunus/PycharmProjects/ARU-Net-image-preprocessing/data_labelled_jpg/K.8177.png
/home/yunus/PycharmProjects/ARU-Net-image-preprocessing/data_labelled_jpg/K.2286.png
/home/yunus/PycharmProjects/ARU-Net-image-preprocessing/data_labelled_jpg/Rm-II.329.png
/home/yunus/PycharmProjects/ARU-Net-image-preprocessing/data_labelled_jpg/K.2031.png
/home/yunus/PycharmProjects/ARU-Net-image-preprocessing/data_labelled_jpg/K.6949.png
/home/yunus/PycharmProjects/ARU-Net-image-preprocessing/data_labelled_jpg/K.3929.png
/home/yunus/PycharmProjects/ARU-Net-image-preprocessing/data_labelled_jpg/Sm.1973.png
/home/yunus/PycharmProjects/ARU-Net-image-preprocessing/data_labelled_jpg/K.6642.png
/home/yunus/PycharmProjects/ARU-Net-image-preprocessing/data_labelled_jpg/K.7201.png
/home/yunus/PycharmProjects/ARU-Net-image-preprocessing/data_labelled_jpg/BM.32459.png
/home/yunus/PycharmProjects/ARU-Net-image-preprocessing/data_labelled_jpg/K.6080.png
/home/yunus/PycharmProjects/ARU-Net-image-preprocessing/data_labelled_jpg/Rm.332.png
/home/yunus/PycharmProjects/ARU-Net-image-preprocessing/data_labelled_jpg/K.9216.png
/home/yunus/PycharmProjects/ARU-Net-image-preprocessing/data_labelled_jpg/K.4524.png
/home/yunus/PycharmProjects/ARU-Net-image-preprocessing/data_labelled_jpg/K.7882.png
/home/yunus/PycharmProjects/ARU-Net-image-preprocessing/data_labelled_jpg/K.10222.png
/home/yunus/PycharmProjects/ARU-Net-image-preprocessing/data_labelled_jpg/K.9884.png
/home/yunus/PycharmProjects/ARU-Net-image-preprocessing/data_labelled_jpg/K.6165.png
/home/yunus/PycharmProjects/ARU-Net-image-preprocessing/data_labelled_jpg/K.4441.png
/home/yunus/PycharmProjects/ARU-Net-image-preprocessing/data_labelled_jpg/K.10820.png
/home/yunus/PycharmProjects/ARU-Net-image-preprocessing/data_labelled_jpg/K.10815.png
/home/yunus/PycharmProjects/ARU-Net-image-preprocessing/data_labelled_jpg/Sm.1968.png
/home/yunus/PycharmProjects/ARU-Net-image-preprocessing/data_labelled_jpg/K.9867.png
/home/yunus/PycharmProjects/ARU-Net-image-preprocessing/data_labelled_jpg/K.9869.png